
                             smises_Bottom_X_3
                  X                  m        

                0.               239.914E+06  
               30.E-03           219.693E+06  
               60.E-03           217.694E+06  
               90.E-03           215.072E+06  
              120.E-03           212.461E+06  
              150.E-03           209.859E+06  
              180.E-03           207.265E+06  
              210.E-03           204.679E+06  
              240.E-03           202.101E+06  
              270.E-03           199.532E+06  
              300.E-03           196.971E+06  
              330.E-03           194.418E+06  
              360.E-03           191.873E+06  
              390.E-03           189.336E+06  
              420.E-03           186.807E+06  
              450.E-03           184.287E+06  
              480.E-03           181.775E+06  
              510.E-03           179.271E+06  
              540.E-03           176.775E+06  
              570.E-03           174.288E+06  
              600.E-03           171.808E+06  
              630.E-03           169.337E+06  
              660.E-03           166.874E+06  
              690.E-03           164.419E+06  
              720.E-03           161.973E+06  
              750.E-03           159.534E+06  
              780.E-03           157.104E+06  
              810.E-03           154.682E+06  
              840.E-03           152.268E+06  
              870.E-03           149.863E+06  
              900.E-03           147.465E+06  
              930.E-03           145.076E+06  
              960.E-03           142.695E+06  
              990.E-03           140.322E+06  
                1.02             137.957E+06  
                1.05             135.601E+06  
                1.08             133.253E+06  
                1.11             130.912E+06  
                1.14             128.581E+06  
                1.17             126.257E+06  
                1.2              123.941E+06  
                1.23             121.634E+06  
                1.26             119.335E+06  
                1.29             117.044E+06  
                1.32             114.761E+06  
                1.35             112.486E+06  
                1.38             110.22E+06   
                1.41             107.962E+06  
                1.44             105.712E+06  
                1.47             103.47E+06   
                1.5              101.236E+06  
                1.53              99.011E+06  
                1.56              96.7938E+06 
                1.59              94.5847E+06 
                1.62              92.3839E+06 
                1.65              90.1913E+06 
                1.68              88.0068E+06 
                1.71              85.8305E+06 
                1.74              83.6624E+06 
                1.77              81.5026E+06 
                1.8               79.3509E+06 
                1.83              77.2073E+06 
                1.86              75.072E+06  
                1.89              72.9449E+06 
                1.92              70.826E+06  
                1.95              68.7152E+06 
                1.98              66.6127E+06 
                2.01              64.5183E+06 
                2.04              62.4322E+06 
                2.07              60.3542E+06 
                2.1               58.2845E+06 
                2.13              56.2229E+06 
                2.16              54.1695E+06 
                2.19              52.1243E+06 
                2.22              50.0873E+06 
                2.25              48.0585E+06 
                2.28              46.0379E+06 
                2.31              44.0254E+06 
                2.34              42.0212E+06 
                2.37              40.0252E+06 
                2.4               38.0373E+06 
                2.43              36.0577E+06 
                2.46              34.0863E+06 
                2.49              32.123E+06  
                2.52              30.1679E+06 
                2.55              28.2211E+06 
                2.58              26.2824E+06 
                2.61              24.352E+06  
                2.64              22.4297E+06 
                2.67              20.5157E+06 
                2.7               18.6099E+06 
                2.73              16.7123E+06 
                2.76              14.8229E+06 
                2.79              12.9417E+06 
                2.82              11.0689E+06 
                2.85               9.20436E+06
                2.88               7.34825E+06
                2.91               5.5008E+06 
                2.94               3.66261E+06
                2.97               1.84741E+06
                3.               672.005E+03  




