
                  X          s11_along_bottomX

                0.              -256.436E+06  
                5.E-03          -226.34E+06   
               10.E-03          -217.27E+06   
               15.E-03          -218.838E+06  
               20.E-03          -221.124E+06  
               25.E-03          -222.272E+06  
               30.E-03          -222.68E+06   
               35.E-03          -222.647E+06  
               40.E-03          -222.386E+06  
               45.E-03          -222.016E+06  
               50.E-03          -221.598E+06  
               55.E-03          -221.162E+06  
               60.E-03          -220.719E+06  
               65.E-03          -220.275E+06  
               70.E-03          -219.831E+06  
               75.E-03          -219.388E+06  
               80.E-03          -218.945E+06  
               85.E-03          -218.503E+06  
               90.E-03          -218.061E+06  
               95.E-03          -217.619E+06  
              100.E-03          -217.177E+06  
              105.E-03          -216.736E+06  
              110.E-03          -216.295E+06  
              115.E-03          -215.854E+06  
              120.E-03          -215.414E+06  
              125.E-03          -214.973E+06  
              130.E-03          -214.533E+06  
              135.E-03          -214.094E+06  
              140.E-03          -213.654E+06  
              145.E-03          -213.215E+06  
              150.E-03          -212.775E+06  
              155.E-03          -212.336E+06  
              160.E-03          -211.898E+06  
              165.E-03          -211.459E+06  
              170.E-03          -211.021E+06  
              175.E-03          -210.583E+06  
              180.E-03          -210.145E+06  
              185.E-03          -209.708E+06  
              190.E-03          -209.27E+06   
              195.E-03          -208.833E+06  
              200.E-03          -208.396E+06  
              205.E-03          -207.96E+06   
              210.E-03          -207.523E+06  
              215.E-03          -207.087E+06  
              220.E-03          -206.651E+06  
              225.E-03          -206.216E+06  
              230.E-03          -205.78E+06   
              235.E-03          -205.345E+06  
              240.E-03          -204.91E+06   
              245.E-03          -204.475E+06  
              250.E-03          -204.041E+06  
              255.E-03          -203.606E+06  
              260.E-03          -203.172E+06  
              265.E-03          -202.738E+06  
              270.E-03          -202.305E+06  
              275.E-03          -201.871E+06  
              280.E-03          -201.438E+06  
              285.E-03          -201.005E+06  
              290.E-03          -200.573E+06  
              295.E-03          -200.14E+06   
              300.E-03          -199.708E+06  
              305.E-03          -199.276E+06  
              310.E-03          -198.844E+06  
              315.E-03          -198.413E+06  
              320.E-03          -197.981E+06  
              325.E-03          -197.55E+06   
              330.E-03          -197.119E+06  
              335.E-03          -196.689E+06  
              340.E-03          -196.258E+06  
              345.E-03          -195.828E+06  
              350.E-03          -195.398E+06  
              355.E-03          -194.968E+06  
              360.E-03          -194.539E+06  
              365.E-03          -194.11E+06   
              370.E-03          -193.681E+06  
              375.E-03          -193.252E+06  
              380.E-03          -192.823E+06  
              385.E-03          -192.395E+06  
              390.E-03          -191.967E+06  
              395.E-03          -191.539E+06  
              400.E-03          -191.112E+06  
              405.E-03          -190.684E+06  
              410.E-03          -190.257E+06  
              415.E-03          -189.83E+06   
              420.E-03          -189.403E+06  
              425.E-03          -188.977E+06  
              430.E-03          -188.551E+06  
              435.E-03          -188.125E+06  
              440.E-03          -187.699E+06  
              445.E-03          -187.273E+06  
              450.E-03          -186.848E+06  
              455.E-03          -186.423E+06  
              460.E-03          -185.998E+06  
              465.E-03          -185.573E+06  
              470.E-03          -185.149E+06  
              475.E-03          -184.725E+06  
              480.E-03          -184.301E+06  
              485.E-03          -183.877E+06  
              490.E-03          -183.454E+06  
              495.E-03          -183.031E+06  
              500.E-03          -182.608E+06  
              505.E-03          -182.185E+06  
              510.E-03          -181.762E+06  
              515.E-03          -181.34E+06   
              520.E-03          -180.918E+06  
              525.E-03          -180.496E+06  
              530.E-03          -180.074E+06  
              535.E-03          -179.653E+06  
              540.E-03          -179.232E+06  
              545.E-03          -178.811E+06  
              550.E-03          -178.39E+06   
              555.E-03          -177.97E+06   
              560.E-03          -177.549E+06  
              565.E-03          -177.129E+06  
              570.E-03          -176.71E+06   
              575.E-03          -176.29E+06   
              580.E-03          -175.871E+06  
              585.E-03          -175.452E+06  
              590.E-03          -175.033E+06  
              595.E-03          -174.614E+06  
              600.E-03          -174.196E+06  
              605.E-03          -173.778E+06  
              610.E-03          -173.36E+06   
              615.E-03          -172.942E+06  
              620.E-03          -172.525E+06  
              625.E-03          -172.107E+06  
              630.E-03          -171.69E+06   
              635.E-03          -171.274E+06  
              640.E-03          -170.857E+06  
              645.E-03          -170.441E+06  
              650.E-03          -170.025E+06  
              655.E-03          -169.609E+06  
              660.E-03          -169.193E+06  
              665.E-03          -168.778E+06  
              670.E-03          -168.363E+06  
              675.E-03          -167.948E+06  
              680.E-03          -167.533E+06  
              685.E-03          -167.118E+06  
              690.E-03          -166.704E+06  
              695.E-03          -166.29E+06   
              700.E-03          -165.876E+06  
              705.E-03          -165.463E+06  
              710.E-03          -165.05E+06   
              715.E-03          -164.636E+06  
              720.E-03          -164.224E+06  
              725.E-03          -163.811E+06  
              730.E-03          -163.399E+06  
              735.E-03          -162.986E+06  
              740.E-03          -162.574E+06  
              745.E-03          -162.163E+06  
              750.E-03          -161.751E+06  
              755.E-03          -161.34E+06   
              760.E-03          -160.929E+06  
              765.E-03          -160.518E+06  
              770.E-03          -160.108E+06  
              775.E-03          -159.697E+06  
              780.E-03          -159.287E+06  
              785.E-03          -158.877E+06  
              790.E-03          -158.468E+06  
              795.E-03          -158.058E+06  
              800.E-03          -157.649E+06  
              805.E-03          -157.24E+06   
              810.E-03          -156.832E+06  
              815.E-03          -156.423E+06  
              820.E-03          -156.015E+06  
              825.E-03          -155.607E+06  
              830.E-03          -155.199E+06  
              835.E-03          -154.792E+06  
              840.E-03          -154.384E+06  
              845.E-03          -153.977E+06  
              850.E-03          -153.57E+06   
              855.E-03          -153.164E+06  
              860.E-03          -152.757E+06  
              865.E-03          -152.351E+06  
              870.E-03          -151.945E+06  
              875.E-03          -151.539E+06  
              880.E-03          -151.134E+06  
              885.E-03          -150.729E+06  
              890.E-03          -150.324E+06  
              895.E-03          -149.919E+06  
              900.E-03          -149.514E+06  
              905.E-03          -149.11E+06   
              910.E-03          -148.706E+06  
              915.E-03          -148.302E+06  
              920.E-03          -147.898E+06  
              925.E-03          -147.495E+06  
              930.E-03          -147.092E+06  
              935.E-03          -146.689E+06  
              940.E-03          -146.286E+06  
              945.E-03          -145.884E+06  
              950.E-03          -145.481E+06  
              955.E-03          -145.079E+06  
              960.E-03          -144.678E+06  
              965.E-03          -144.276E+06  
              970.E-03          -143.875E+06  
              975.E-03          -143.474E+06  
              980.E-03          -143.073E+06  
              985.E-03          -142.672E+06  
              990.E-03          -142.272E+06  
              995.E-03          -141.872E+06  
                1.              -141.472E+06  
                1.005           -141.072E+06  
                1.01            -140.673E+06  
                1.015           -140.273E+06  
                1.02            -139.874E+06  
                1.025           -139.475E+06  
                1.03            -139.077E+06  
                1.035           -138.679E+06  
                1.04            -138.281E+06  
                1.045           -137.883E+06  
                1.05            -137.485E+06  
                1.055           -137.088E+06  
                1.06            -136.69E+06   
                1.065           -136.293E+06  
                1.07            -135.897E+06  
                1.075           -135.5E+06    
                1.08            -135.104E+06  
                1.085           -134.708E+06  
                1.09            -134.312E+06  
                1.095           -133.917E+06  
                1.1             -133.521E+06  
                1.105           -133.126E+06  
                1.11            -132.731E+06  
                1.115           -132.337E+06  
                1.12            -131.942E+06  
                1.125           -131.548E+06  
                1.13            -131.154E+06  
                1.135           -130.761E+06  
                1.14            -130.367E+06  
                1.145           -129.974E+06  
                1.15            -129.581E+06  
                1.155           -129.188E+06  
                1.16            -128.796E+06  
                1.165           -128.403E+06  
                1.17            -128.011E+06  
                1.175           -127.619E+06  
                1.18            -127.228E+06  
                1.185           -126.836E+06  
                1.19            -126.445E+06  
                1.195           -126.054E+06  
                1.2             -125.663E+06  
                1.205           -125.273E+06  
                1.21            -124.883E+06  
                1.215           -124.493E+06  
                1.22            -124.103E+06  
                1.225           -123.713E+06  
                1.23            -123.324E+06  
                1.235           -122.935E+06  
                1.24            -122.546E+06  
                1.245           -122.157E+06  
                1.25            -121.769E+06  
                1.255           -121.381E+06  
                1.26            -120.993E+06  
                1.265           -120.605E+06  
                1.27            -120.218E+06  
                1.275           -119.83E+06   
                1.28            -119.443E+06  
                1.285           -119.057E+06  
                1.29            -118.67E+06   
                1.295           -118.284E+06  
                1.3             -117.898E+06  
                1.305           -117.512E+06  
                1.31            -117.126E+06  
                1.315           -116.741E+06  
                1.32            -116.356E+06  
                1.325           -115.971E+06  
                1.33            -115.586E+06  
                1.335           -115.201E+06  
                1.34            -114.817E+06  
                1.345           -114.433E+06  
                1.35            -114.049E+06  
                1.355           -113.666E+06  
                1.36            -113.282E+06  
                1.365           -112.899E+06  
                1.37            -112.516E+06  
                1.375           -112.134E+06  
                1.38            -111.751E+06  
                1.385           -111.369E+06  
                1.39            -110.987E+06  
                1.395           -110.606E+06  
                1.4             -110.224E+06  
                1.405           -109.843E+06  
                1.41            -109.462E+06  
                1.415           -109.081E+06  
                1.42            -108.701E+06  
                1.425           -108.32E+06   
                1.43            -107.94E+06   
                1.435           -107.56E+06   
                1.44            -107.181E+06  
                1.445           -106.801E+06  
                1.45            -106.422E+06  
                1.455           -106.043E+06  
                1.46            -105.664E+06  
                1.465           -105.286E+06  
                1.47            -104.908E+06  
                1.475           -104.53E+06   
                1.48            -104.152E+06  
                1.485           -103.774E+06  
                1.49            -103.397E+06  
                1.495           -103.02E+06   
                1.5             -102.643E+06  
                1.505           -102.266E+06  
                1.51            -101.89E+06   
                1.515           -101.514E+06  
                1.52            -101.138E+06  
                1.525           -100.762E+06  
                1.53            -100.387E+06  
                1.535           -100.011E+06  
                1.54             -99.6363E+06 
                1.545            -99.2616E+06 
                1.55             -98.887E+06  
                1.555            -98.5127E+06 
                1.56             -98.1385E+06 
                1.565            -97.7647E+06 
                1.57             -97.3911E+06 
                1.575            -97.0177E+06 
                1.58             -96.6445E+06 
                1.585            -96.2715E+06 
                1.59             -95.8988E+06 
                1.595            -95.5263E+06 
                1.6              -95.1541E+06 
                1.605            -94.7821E+06 
                1.61             -94.4103E+06 
                1.615            -94.0387E+06 
                1.62             -93.6674E+06 
                1.625            -93.2963E+06 
                1.63             -92.9254E+06 
                1.635            -92.5548E+06 
                1.64             -92.1844E+06 
                1.645            -91.8142E+06 
                1.65             -91.4442E+06 
                1.655            -91.0745E+06 
                1.66             -90.705E+06  
                1.665            -90.3358E+06 
                1.67             -89.9668E+06 
                1.675            -89.598E+06  
                1.68             -89.2294E+06 
                1.685            -88.8611E+06 
                1.69             -88.4929E+06 
                1.695            -88.1251E+06 
                1.7              -87.7575E+06 
                1.705            -87.39E+06   
                1.71             -87.0229E+06 
                1.715            -86.6559E+06 
                1.72             -86.2892E+06 
                1.725            -85.9227E+06 
                1.73             -85.5565E+06 
                1.735            -85.1904E+06 
                1.74             -84.8247E+06 
                1.745            -84.4591E+06 
                1.75             -84.0938E+06 
                1.755            -83.7287E+06 
                1.76             -83.3638E+06 
                1.765            -82.9991E+06 
                1.77             -82.6347E+06 
                1.775            -82.2706E+06 
                1.78             -81.9066E+06 
                1.785            -81.5429E+06 
                1.79             -81.1794E+06 
                1.795            -80.8162E+06 
                1.8              -80.4531E+06 
                1.805            -80.0903E+06 
                1.81             -79.7278E+06 
                1.815            -79.3654E+06 
                1.82             -79.0033E+06 
                1.825            -78.6415E+06 
                1.83             -78.2798E+06 
                1.835            -77.9184E+06 
                1.84             -77.5572E+06 
                1.845            -77.1963E+06 
                1.85             -76.8356E+06 
                1.855            -76.4751E+06 
                1.86             -76.1148E+06 
                1.865            -75.7548E+06 
                1.87             -75.395E+06  
                1.875            -75.0354E+06 
                1.88             -74.6761E+06 
                1.885            -74.317E+06  
                1.89             -73.9581E+06 
                1.895            -73.5995E+06 
                1.9              -73.2411E+06 
                1.905            -72.8829E+06 
                1.91             -72.5249E+06 
                1.915            -72.1672E+06 
                1.92             -71.8097E+06 
                1.925            -71.4525E+06 
                1.93             -71.0955E+06 
                1.935            -70.7387E+06 
                1.94             -70.3821E+06 
                1.945            -70.0258E+06 
                1.95             -69.6697E+06 
                1.955            -69.3138E+06 
                1.96             -68.9581E+06 
                1.965            -68.6027E+06 
                1.97             -68.2476E+06 
                1.975            -67.8926E+06 
                1.98             -67.5379E+06 
                1.985            -67.1834E+06 
                1.99             -66.8291E+06 
                1.995            -66.4751E+06 
                2.               -66.1213E+06 
                2.005            -65.7678E+06 
                2.01             -65.4144E+06 
                2.015            -65.0613E+06 
                2.02             -64.7084E+06 
                2.025            -64.3558E+06 
                2.03             -64.0034E+06 
                2.035            -63.6512E+06 
                2.04             -63.2993E+06 
                2.045            -62.9475E+06 
                2.05             -62.596E+06  
                2.055            -62.2448E+06 
                2.06             -61.8938E+06 
                2.065            -61.543E+06  
                2.07             -61.1924E+06 
                2.075            -60.8421E+06 
                2.08             -60.492E+06  
                2.085            -60.1421E+06 
                2.09             -59.7924E+06 
                2.095            -59.443E+06  
                2.1              -59.0938E+06 
                2.105            -58.7449E+06 
                2.11             -58.3962E+06 
                2.115            -58.0477E+06 
                2.12             -57.6994E+06 
                2.125            -57.3514E+06 
                2.13             -57.0036E+06 
                2.135            -56.656E+06  
                2.14             -56.3087E+06 
                2.145            -55.9616E+06 
                2.15             -55.6147E+06 
                2.155            -55.268E+06  
                2.16             -54.9216E+06 
                2.165            -54.5755E+06 
                2.17             -54.2295E+06 
                2.175            -53.8838E+06 
                2.18             -53.5383E+06 
                2.185            -53.193E+06  
                2.19             -52.848E+06  
                2.195            -52.5032E+06 
                2.2              -52.1586E+06 
                2.205            -51.8143E+06 
                2.21             -51.4702E+06 
                2.215            -51.1263E+06 
                2.22             -50.7827E+06 
                2.225            -50.4393E+06 
                2.23             -50.0961E+06 
                2.235            -49.7531E+06 
                2.24             -49.4104E+06 
                2.245            -49.0679E+06 
                2.25             -48.7256E+06 
                2.255            -48.3836E+06 
                2.26             -48.0418E+06 
                2.265            -47.7002E+06 
                2.27             -47.3589E+06 
                2.275            -47.0178E+06 
                2.28             -46.6769E+06 
                2.285            -46.3363E+06 
                2.29             -45.9959E+06 
                2.295            -45.6557E+06 
                2.3              -45.3157E+06 
                2.305            -44.976E+06  
                2.31             -44.6365E+06 
                2.315            -44.2973E+06 
                2.32             -43.9582E+06 
                2.325            -43.6194E+06 
                2.33             -43.2808E+06 
                2.335            -42.9425E+06 
                2.34             -42.6044E+06 
                2.345            -42.2665E+06 
                2.35             -41.9289E+06 
                2.355            -41.5915E+06 
                2.36             -41.2543E+06 
                2.365            -40.9173E+06 
                2.37             -40.5806E+06 
                2.375            -40.2441E+06 
                2.38             -39.9078E+06 
                2.385            -39.5718E+06 
                2.39             -39.236E+06  
                2.395            -38.9004E+06 
                2.4              -38.5651E+06 
                2.405            -38.23E+06   
                2.41             -37.8951E+06 
                2.415            -37.5605E+06 
                2.42             -37.226E+06  
                2.425            -36.8919E+06 
                2.43             -36.5579E+06 
                2.435            -36.2242E+06 
                2.44             -35.8907E+06 
                2.445            -35.5574E+06 
                2.45             -35.2244E+06 
                2.455            -34.8916E+06 
                2.46             -34.559E+06  
                2.465            -34.2267E+06 
                2.47             -33.8946E+06 
                2.475            -33.5627E+06 
                2.48             -33.231E+06  
                2.485            -32.8996E+06 
                2.49             -32.5684E+06 
                2.495            -32.2375E+06 
                2.5              -31.9067E+06 
                2.505            -31.5763E+06 
                2.51             -31.246E+06  
                2.515            -30.9159E+06 
                2.52             -30.5861E+06 
                2.525            -30.2566E+06 
                2.53             -29.9272E+06 
                2.535            -29.5981E+06 
                2.54             -29.2692E+06 
                2.545            -28.9406E+06 
                2.55             -28.6122E+06 
                2.555            -28.284E+06  
                2.56             -27.956E+06  
                2.565            -27.6283E+06 
                2.57             -27.3008E+06 
                2.575            -26.9735E+06 
                2.58             -26.6465E+06 
                2.585            -26.3197E+06 
                2.59             -25.9931E+06 
                2.595            -25.6668E+06 
                2.6              -25.3407E+06 
                2.605            -25.0148E+06 
                2.61             -24.6892E+06 
                2.615            -24.3637E+06 
                2.62             -24.0386E+06 
                2.625            -23.7136E+06 
                2.63             -23.3889E+06 
                2.635            -23.0644E+06 
                2.64             -22.7401E+06 
                2.645            -22.4161E+06 
                2.65             -22.0923E+06 
                2.655            -21.7687E+06 
                2.66             -21.4453E+06 
                2.665            -21.1222E+06 
                2.67             -20.7993E+06 
                2.675            -20.4767E+06 
                2.68             -20.1543E+06 
                2.685            -19.8321E+06 
                2.69             -19.5101E+06 
                2.695            -19.1884E+06 
                2.7              -18.8669E+06 
                2.705            -18.5456E+06 
                2.71             -18.2246E+06 
                2.715            -17.9038E+06 
                2.72             -17.5832E+06 
                2.725            -17.2629E+06 
                2.73             -16.9428E+06 
                2.735            -16.6229E+06 
                2.74             -16.3032E+06 
                2.745            -15.9838E+06 
                2.75             -15.6646E+06 
                2.755            -15.3457E+06 
                2.76             -15.0269E+06 
                2.765            -14.7084E+06 
                2.77             -14.3902E+06 
                2.775            -14.0721E+06 
                2.78             -13.7543E+06 
                2.785            -13.4367E+06 
                2.79             -13.1194E+06 
                2.795            -12.8023E+06 
                2.8              -12.4854E+06 
                2.805            -12.1688E+06 
                2.81             -11.8523E+06 
                2.815            -11.5361E+06 
                2.82             -11.2202E+06 
                2.825            -10.9045E+06 
                2.83             -10.589E+06  
                2.835            -10.2737E+06 
                2.84              -9.95865E+06
                2.845             -9.64384E+06
                2.85              -9.32927E+06
                2.855             -9.01492E+06
                2.86              -8.70081E+06
                2.865             -8.38692E+06
                2.87              -8.07327E+06
                2.875             -7.75984E+06
                2.88              -7.44665E+06
                2.885             -7.13369E+06
                2.89              -6.82096E+06
                2.895             -6.50846E+06
                2.9               -6.19619E+06
                2.905             -5.88415E+06
                2.91              -5.57235E+06
                2.915             -5.26077E+06
                2.92              -4.94942E+06
                2.925             -4.63829E+06
                2.93              -4.32739E+06
                2.935             -4.01671E+06
                2.94              -3.70624E+06
                2.945             -3.396E+06  
                2.95              -3.08607E+06
                2.955             -2.77664E+06
                2.96              -2.46825E+06
                2.965             -2.16215E+06
                2.97              -1.86093E+06
                2.975             -1.56968E+06
                2.98              -1.29717E+06
                2.985             -1.05578E+06
                2.99            -845.257E+03  
                2.995           -549.686E+03  
                3.              -276.872E+03  




